{"inline_traces":[],"action_ordinal":1,"creator_action_ordinal":0,"closest_unnotified_ancestor_action_ordinal":0,"receipt":{"receiver":"eosio.null","act_digest":"a82ac831e97682b576ca502e91cdd8e3be64e99286060667195bebf7ff579cf7","global_sequence":131,"recv_sequence":1,"auth_sequence":[],"code_sequence":0,"abi_sequence":0},"receiver":"eosio.null","act":{"account":"eosio.null","name":"nonce","authorization":[],"hex_data":"0c393963393762326136636231"},"context_free":true,"elapsed":95,"console":"","trx_id":"8e77ac66db9fc15899e9c518682424c14c195331800e24f03c36ef946c0689eb","block_num":48,"block_time":"2019-05-14T19:56:14.500","producer_block_id":"","account_ram_deltas":[]}